../Core/Src/main.c:99:5:main	8	static
../Core/Src/main.c:157:6:SystemClock_Config	88	static
../Core/Src/main.c:198:6:system_init	8	static
../Core/Src/main.c:214:6:toChar	16	static
../Core/Src/main.c:222:6:test_LedDebug	8	static
../Core/Src/main.c:229:6:updateTime	8	static
../Core/Src/main.c:239:6:test_button	16	static
../Core/Src/main.c:248:6:test_Uart	24	static
../Core/Src/main.c:261:7:returnMode	4	static
../Core/Src/main.c:279:6:checkTime	4	static
../Core/Src/main.c:319:6:checkTimer	4	static
../Core/Src/main.c:359:6:displayTime	24	static
../Core/Src/main.c:370:6:modifyTime	24	static
../Core/Src/main.c:571:6:modifyTimer	24	static
../Core/Src/main.c:649:6:fsm	40	static
../Core/Src/main.c:759:6:Error_Handler	4	static,ignoring_inline_asm
